Found 109 weight-enabled sorties with ZIPs present.
Parallel sorties: 4, workers per sortie: 5
  OK  G033_2_N208B  (6s, hires=yes)
  progress: 1/109  ok=1  err=0
  OK  G030_N208B  (9s, hires=yes)
  progress: 2/109  ok=2  err=0
  OK  G033_N208B  (10s, hires=yes)
  progress: 3/109  ok=3  err=0
  OK  G034_2_N208B  (4s, hires=yes)
  progress: 4/109  ok=4  err=0
  OK  G032_N208B  (10s, hires=yes)
  progress: 5/109  ok=5  err=0
  OK  G035_N208B  (2s, hires=yes)
  progress: 6/109  ok=6  err=0
  OK  G035_2_N208B  (5s, hires=yes)
  progress: 7/109  ok=7  err=0
  OK  S007_9_N208B  (6s, hires=MISSING)
  progress: 8/109  ok=7  err=0
  OK  G034_N208B  (10s, hires=yes)
  progress: 9/109  ok=8  err=0
  OK  S101_N208B  (12s, hires=yes)
  progress: 10/109  ok=9  err=0
  OK  S102_2_N208B  (10s, hires=yes)
  progress: 11/109  ok=10  err=0
  OK  S102_1_N208B  (25s, hires=yes)
  progress: 12/109  ok=11  err=0
  OK  G038_N208B  (36s, hires=yes)
  progress: 13/109  ok=12  err=0
  OK  S103_N208B  (21s, hires=yes)
  progress: 14/109  ok=13  err=0
  OK  S106_1_N208B  (14s, hires=yes)
  progress: 15/109  ok=14  err=0
  OK  S105_1_N208B  (28s, hires=yes)
  progress: 16/109  ok=15  err=0
  OK  S107_3_N208B  (13s, hires=yes)
  progress: 17/109  ok=16  err=0
  OK  S107_2_N208B  (16s, hires=yes)
  progress: 18/109  ok=17  err=0
  OK  S109_1_N208B  (3s, hires=yes)
  progress: 19/109  ok=18  err=0
  OK  S108_2_N208B  (5s, hires=yes)
  progress: 20/109  ok=19  err=0
  OK  S108_1_N208B  (19s, hires=yes)
  progress: 21/109  ok=20  err=0
  OK  S107_N208B  (23s, hires=yes)
  progress: 22/109  ok=21  err=0
  OK  S110_3_N208B  (9s, hires=yes)
  progress: 23/109  ok=22  err=0
  OK  S110_N208B  (10s, hires=yes)
  progress: 24/109  ok=23  err=0
  OK  S110_2_N208B  (25s, hires=yes)
  progress: 25/109  ok=24  err=0
  OK  S111_N208B  (10s, hires=yes)
  progress: 26/109  ok=25  err=0
  OK  S112_2_N208B  (6s, hires=yes)
  progress: 27/109  ok=26  err=0
  OK  S113_N208B  (1s, hires=yes)
  progress: 28/109  ok=27  err=0
  OK  S112_N208B  (8s, hires=yes)
  progress: 29/109  ok=28  err=0
  OK  S109_2_N208B  (38s, hires=yes)
  progress: 30/109  ok=29  err=0
  OK  S113_2_N208B  (20s, hires=yes)
  progress: 31/109  ok=30  err=0
  OK  S115_1_N208B  (19s, hires=yes)
  progress: 32/109  ok=31  err=0
  OK  S116_2_N208B  (3s, hires=yes)
  progress: 33/109  ok=32  err=0
  OK  S114_1_N208B  (24s, hires=yes)
  progress: 34/109  ok=33  err=0
  OK  S115_2_N208B  (21s, hires=yes)
  progress: 35/109  ok=34  err=0
  OK  S115_3_N208B  (14s, hires=yes)
  progress: 36/109  ok=35  err=0
  OK  S117_2_N208B  (13s, hires=yes)
  progress: 37/109  ok=36  err=0
  OK  S117_N208B  (10s, hires=yes)
  progress: 38/109  ok=37  err=0
  OK  S116_N208B  (18s, hires=yes)
  progress: 39/109  ok=38  err=0
  OK  S118_2_N208B  (4s, hires=yes)
  progress: 40/109  ok=39  err=0
  OK  S118_1_N208B  (12s, hires=yes)
  progress: 41/109  ok=40  err=0
  OK  S118_3_N208B  (16s, hires=yes)
  progress: 42/109  ok=41  err=0
  OK  S119_2_N208B  (18s, hires=yes)
  progress: 43/109  ok=42  err=0
  OK  S121_2_N208B  (3s, hires=yes)
  progress: 44/109  ok=43  err=0
  OK  S121_3_N208B  (1s, hires=yes)
  progress: 45/109  ok=44  err=0
  OK  S119_1_N208B  (23s, hires=yes)
  progress: 46/109  ok=45  err=0
  OK  S121_N208B  (7s, hires=yes)
  progress: 47/109  ok=46  err=0
  OK  S121_4_N208B  (9s, hires=yes)
  progress: 48/109  ok=47  err=0
  OK  S122_1_N208B  (13s, hires=yes)
  progress: 49/109  ok=48  err=0
  OK  S120_2_N208B  (32s, hires=yes)
  progress: 50/109  ok=49  err=0
  OK  S122_3_N208B  (11s, hires=yes)
  progress: 51/109  ok=50  err=0
  OK  S123_1_N208B  (11s, hires=yes)
  progress: 52/109  ok=51  err=0
  OK  S123_2_N208B  (4s, hires=yes)
  progress: 53/109  ok=52  err=0
  OK  S125_2_N208B  (6s, hires=yes)
  progress: 54/109  ok=53  err=0
  OK  S125_3_N208B  (9s, hires=yes)
  progress: 55/109  ok=54  err=0
  OK  S124_1_N208B  (30s, hires=yes)
  progress: 56/109  ok=55  err=0
  OK  S125_N208B  (5s, hires=yes)
  progress: 57/109  ok=56  err=0
  OK  S125_4_N208B  (21s, hires=yes)
  progress: 58/109  ok=57  err=0
  OK  S126_1_N208B  (26s, hires=yes)
  progress: 59/109  ok=58  err=0
  OK  S127_1_N208B  (25s, hires=yes)
  progress: 60/109  ok=59  err=0
  OK  S128_1_N208B  (14s, hires=yes)
  progress: 61/109  ok=60  err=0
  OK  S128_2_N208B  (19s, hires=yes)
  progress: 62/109  ok=61  err=0
  OK  S130_1_N208B  (1s, hires=yes)
  progress: 63/109  ok=62  err=0
  OK  S129_1_N208B  (19s, hires=yes)
  progress: 64/109  ok=63  err=0
  OK  S130_2_N208B  (20s, hires=yes)
  progress: 65/109  ok=64  err=0
  OK  S130_4_N208B  (1s, hires=yes)
  progress: 66/109  ok=65  err=0
  OK  S130_3_N208B  (19s, hires=yes)
  progress: 67/109  ok=66  err=0
  OK  S130_5_N208B  (19s, hires=yes)
  progress: 68/109  ok=67  err=0
  OK  S130_6_N208B  (10s, hires=yes)
  progress: 69/109  ok=68  err=0
  OK  S131_0_N208B  (3s, hires=yes)
  progress: 70/109  ok=69  err=0
  OK  S133_1_N208B  (6s, hires=yes)
  progress: 71/109  ok=70  err=0
  OK  S122_2_N208B  (165s, hires=yes)
  progress: 72/109  ok=71  err=0
  OK  S131_1_N208B  (18s, hires=yes)
  progress: 73/109  ok=72  err=0
  OK  S134_3_N208B  (11s, hires=yes)
  progress: 74/109  ok=73  err=0
  OK  S135_1_N208B  (7s, hires=yes)
  progress: 75/109  ok=74  err=0
  OK  S135_2_N208B  (13s, hires=yes)
  progress: 76/109  ok=75  err=0
  OK  S120_1_N208B  (260s, hires=yes)
  progress: 77/109  ok=76  err=0
  OK  S137_1_N208B  (37s, hires=yes)
  progress: 78/109  ok=77  err=0
  OK  S138_1_N208B  (18s, hires=yes)
  progress: 79/109  ok=78  err=0
  OK  S137_2_N208B  (29s, hires=yes)
  progress: 80/109  ok=79  err=0
  OK  S138_2_N208B  (26s, hires=yes)
  progress: 81/109  ok=80  err=0
  OK  S138_3_N208B  (38s, hires=yes)
  progress: 82/109  ok=81  err=0
  OK  S134_1_N208B  (354s, hires=yes)
  progress: 83/109  ok=82  err=0
  OK  S140_1_N208B  (288s, hires=yes)
  progress: 84/109  ok=83  err=0
  OK  S134_2_N208B  (488s, hires=yes)
  progress: 85/109  ok=84  err=0
  OK  S141_N208B  (5s, hires=MISSING)
  progress: 86/109  ok=84  err=0
  OK  S142_1_N208B  (25s, hires=yes)
  progress: 87/109  ok=85  err=0
  OK  S140_2_N208B  (238s, hires=yes)
  progress: 88/109  ok=86  err=0
  OK  S142_3_N208B  (8s, hires=yes)
  progress: 89/109  ok=87  err=0
  OK  S139_1_N208B  (573s, hires=yes)
  progress: 90/109  ok=88  err=0
  OK  S143_2_N208B  (16s, hires=yes)
  progress: 91/109  ok=89  err=0
  OK  S144_1_N208B  (2s, hires=yes)
  progress: 92/109  ok=90  err=0
  OK  S140_3_N208B  (351s, hires=yes)
  progress: 93/109  ok=91  err=0
  OK  S144_2_N208B  (256s, hires=yes)
  progress: 94/109  ok=92  err=0
  OK  S142_2_N208B  (661s, hires=yes)
  progress: 95/109  ok=93  err=0
  OK  S145_1_N208B  (493s, hires=yes)
  progress: 96/109  ok=94  err=0
  OK  S143_1_N208B  (728s, hires=yes)
  progress: 97/109  ok=95  err=0
  OK  S146_1_N208B  (442s, hires=yes)
  progress: 98/109  ok=96  err=0
  OK  S148_1_N208B  (427s, hires=yes)
  progress: 99/109  ok=97  err=0
  OK  S147_1_N208B  (589s, hires=yes)
  progress: 100/109  ok=98  err=0
  OK  S147_2_N208B  (623s, hires=yes)
  progress: 101/109  ok=99  err=0
  OK  S148_2_N208B  (360s, hires=yes)
  progress: 102/109  ok=100  err=0
  OK  S146_2_N208B  (1090s, hires=yes)
  progress: 103/109  ok=101  err=0
  OK  S149_2_N208B  (580s, hires=yes)
  progress: 104/109  ok=102  err=0
  OK  S150_2_N208B  (363s, hires=yes)
  progress: 105/109  ok=103  err=0
  OK  S150_N208B  (646s, hires=yes)
  progress: 106/109  ok=104  err=0
  OK  S149_1_N208B  (1167s, hires=yes)
  progress: 107/109  ok=105  err=0
  OK  S151_1_N208B  (601s, hires=yes)
  progress: 108/109  ok=106  err=0
  OK  S152_N208B  (745s, hires=yes)
  progress: 109/109  ok=107  err=0

=== Batch complete (3633s) ===
  ok:    107
  err:   0
  dry:   0
  other: 2
