========================================================
  IADS Pipeline  (day-by-day)
  config      : /c/Users/FrancisBarchesky/Documents/GitHub/flight-test-analyzer/pipeline_chunks/batch_config_14.json
  data_root   : /c/Users/FrancisBarchesky/Documents/GitHub/flight-test-analyzer/pipeline_chunks/data_14
  dates       : 2026-07-14  ->  2026-07-20  (7 day(s))
  pattern     : (AFCS_del|AFCS_MiscAnalysis|iads_servo_torques_datagroup|iads_radar_altitude_datagroup|iads_pressure_altitude_datagroup|iads_weight_datagroup)
  started     : 2026-07-20 20:37:18
========================================================

  Checking AWS SSO login...
  AWS SSO OK

════════════════════════════════════════════════════════
  Day 1 / 7  —  2026-07-14
════════════════════════════════════════════════════════

  [1/2] Downloading 2026-07-14...
Listing s3://merlin-pilot-iads-data-exports ...
Listing s3://merlin-pilot-iads-analysis ...
Primary matches: 298
s3://merlin-pilot-iads-analysis/iads_weight_datagroup_G003N208B.zip
s3://merlin-pilot-iads-analysis/iads_weight_datagroup_G006N208B.zip
s3://merlin-pilot-iads-analysis/iads_weight_datagroup_G007N208B.zip
s3://merlin-pilot-iads-analysis/iads_weight_datagroup_G010N208B.zip
s3://merlin-pilot-iads-analysis/iads_weight_datagroup_G014N208B_1.zip
s3://merlin-pilot-iads-analysis/iads_weight_datagroup_G014N208B_2.zip
s3://merlin-pilot-iads-analysis/iads_weight_datagroup_G014N208B_2_20260714124411.zip
s3://merlin-pilot-iads-analysis/iads_weight_datagroup_G014N208B_2_test_points_20260714124402.zip
s3://merlin-pilot-iads-analysis/iads_weight_datagroup_G014N208B_3.zip
s3://merlin-pilot-iads-analysis/iads_weight_datagroup_G014N208B_4.zip
s3://merlin-pilot-iads-analysis/iads_weight_datagroup_G015N208B.zip
s3://merlin-pilot-iads-analysis/iads_weight_datagroup_G015N208B_1.zip
s3://merlin-pilot-iads-analysis/iads_weight_datagroup_G015N208B_2.zip
s3://merlin-pilot-iads-analysis/iads_weight_datagroup_G016N208B.zip
s3://merlin-pilot-iads-analysis/iads_weight_datagroup_G017N208B.zip
s3://merlin-pilot-iads-analysis/iads_weight_datagroup_G017N208B_2.zip
s3://merlin-pilot-iads-analysis/iads_weight_datagroup_G018N208B.zip
s3://merlin-pilot-iads-analysis/iads_weight_datagroup_G019N208B.zip
s3://merlin-pilot-iads-analysis/iads_weight_datagroup_G020N208B.zip
s3://merlin-pilot-iads-analysis/iads_weight_datagroup_G020N208B_2.zip
s3://merlin-pilot-iads-analysis/iads_weight_datagroup_G020N208B_3.zip
s3://merlin-pilot-iads-analysis/iads_weight_datagroup_G021N208B.zip
s3://merlin-pilot-iads-analysis/iads_weight_datagroup_G021N208B_2.zip
s3://merlin-pilot-iads-analysis/iads_weight_datagroup_G021N208B_3.zip
s3://merlin-pilot-iads-analysis/iads_weight_datagroup_G021N208B_4.zip
s3://merlin-pilot-iads-analysis/iads_weight_datagroup_G022N208B.zip
s3://merlin-pilot-iads-analysis/iads_weight_datagroup_G022N208B_2.zip
s3://merlin-pilot-iads-analysis/iads_weight_datagroup_G022N208B_3.zip
s3://merlin-pilot-iads-analysis/iads_weight_datagroup_G022N208B_4.zip
s3://merlin-pilot-iads-analysis/iads_weight_datagroup_G023N208B.zip
s3://merlin-pilot-iads-analysis/iads_weight_datagroup_G023N208B_2.zip
s3://merlin-pilot-iads-analysis/iads_weight_datagroup_G024N208B.zip
s3://merlin-pilot-iads-analysis/iads_weight_datagroup_G025N208B_1.zip
s3://merlin-pilot-iads-analysis/iads_weight_datagroup_G025N208B_2.zip
s3://merlin-pilot-iads-analysis/iads_weight_datagroup_G025N208B_3.zip
s3://merlin-pilot-iads-analysis/iads_weight_datagroup_G026N208B.zip
s3://merlin-pilot-iads-analysis/iads_weight_datagroup_G028N208B.zip
s3://merlin-pilot-iads-analysis/iads_weight_datagroup_G029N208B.zip
s3://merlin-pilot-iads-analysis/iads_weight_datagroup_G030N208B.zip
s3://merlin-pilot-iads-analysis/iads_weight_datagroup_G032N208B.zip
s3://merlin-pilot-iads-analysis/iads_weight_datagroup_G033N208B.zip
s3://merlin-pilot-iads-analysis/iads_weight_datagroup_G033N208B_1.zip
s3://merlin-pilot-iads-analysis/iads_weight_datagroup_G033N208B_2.zip
s3://merlin-pilot-iads-analysis/iads_weight_datagroup_G033N208B_3.zip
s3://merlin-pilot-iads-analysis/iads_weight_datagroup_G033N208B_ACS.zip
s3://merlin-pilot-iads-analysis/iads_weight_datagroup_G034N208B.zip
s3://merlin-pilot-iads-analysis/iads_weight_datagroup_G034N208B_2.zip
s3://merlin-pilot-iads-analysis/iads_weight_datagroup_G035N208B.zip
s3://merlin-pilot-iads-analysis/iads_weight_datagroup_G035N208B_2.zip
s3://merlin-pilot-iads-analysis/iads_weight_datagroup_G036N208B.zip
s3://merlin-pilot-iads-analysis/iads_weight_datagroup_G037N208B.zip
s3://merlin-pilot-iads-analysis/iads_weight_datagroup_S004N208B.zip
s3://merlin-pilot-iads-analysis/iads_weight_datagroup_S005N208B.zip
s3://merlin-pilot-iads-analysis/iads_weight_datagroup_S006N208B.zip
s3://merlin-pilot-iads-analysis/iads_weight_datagroup_S007N208B.zip
s3://merlin-pilot-iads-analysis/iads_weight_datagroup_S007N208B_20260714124643.zip
s3://merlin-pilot-iads-analysis/iads_weight_datagroup_S007N208B_test_points_20260714124637.zip
s3://merlin-pilot-iads-analysis/iads_weight_datagroup_S008N208B.zip
s3://merlin-pilot-iads-analysis/iads_weight_datagroup_S009N208B.zip
s3://merlin-pilot-iads-analysis/iads_weight_datagroup_S010N208B.zip
s3://merlin-pilot-iads-analysis/iads_weight_datagroup_S011N208B.zip
s3://merlin-pilot-iads-analysis/iads_weight_datagroup_S012N208B.zip
s3://merlin-pilot-iads-analysis/iads_weight_datagroup_S013N208B.zip
s3://merlin-pilot-iads-analysis/iads_weight_datagroup_S014N208B.zip
s3://merlin-pilot-iads-analysis/iads_weight_datagroup_S016N208B.zip
s3://merlin-pilot-iads-analysis/iads_weight_datagroup_S017N208B.zip
s3://merlin-pilot-iads-analysis/iads_weight_datagroup_S018N208B.zip
s3://merlin-pilot-iads-analysis/iads_weight_datagroup_S019N208B.zip
s3://merlin-pilot-iads-analysis/iads_weight_datagroup_S021N208B.zip
s3://merlin-pilot-iads-analysis/iads_weight_datagroup_S029N208B.zip
s3://merlin-pilot-iads-analysis/iads_weight_datagroup_S030N208B.zip
s3://merlin-pilot-iads-analysis/iads_weight_datagroup_S031N208B.zip
s3://merlin-pilot-iads-analysis/iads_weight_datagroup_S031N208B_2.zip
s3://merlin-pilot-iads-analysis/iads_weight_datagroup_S032N208B.zip
s3://merlin-pilot-iads-analysis/iads_weight_datagroup_S033N208B.zip
s3://merlin-pilot-iads-analysis/iads_weight_datagroup_S034N208B.zip
s3://merlin-pilot-iads-analysis/iads_weight_datagroup_S035N208B.zip
s3://merlin-pilot-iads-analysis/iads_weight_datagroup_S036N208B.zip
s3://merlin-pilot-iads-analysis/iads_weight_datagroup_S037N208B.zip
s3://merlin-pilot-iads-analysis/iads_weight_datagroup_S038N208B.zip
s3://merlin-pilot-iads-analysis/iads_weight_datagroup_S038N208B_2.zip
s3://merlin-pilot-iads-analysis/iads_weight_datagroup_S039N208B.zip
s3://merlin-pilot-iads-analysis/iads_weight_datagroup_S040N208B.zip
s3://merlin-pilot-iads-analysis/iads_weight_datagroup_S040N208B_2.zip
s3://merlin-pilot-iads-analysis/iads_weight_datagroup_S041N208B.zip
s3://merlin-pilot-iads-analysis/iads_weight_datagroup_S041N208B_2.zip
s3://merlin-pilot-iads-analysis/iads_weight_datagroup_S042N208B_1.zip
s3://merlin-pilot-iads-analysis/iads_weight_datagroup_S042N208B_2.zip
s3://merlin-pilot-iads-analysis/iads_weight_datagroup_S042N208B_3.zip
s3://merlin-pilot-iads-analysis/iads_weight_datagroup_S042N208B_4.zip
s3://merlin-pilot-iads-analysis/iads_weight_datagroup_S042N208B_5.zip
s3://merlin-pilot-iads-analysis/iads_weight_datagroup_S043N208B.zip
s3://merlin-pilot-iads-analysis/iads_weight_datagroup_S043N208B_2.zip
s3://merlin-pilot-iads-analysis/iads_weight_datagroup_S043N208B_3.zip
s3://merlin-pilot-iads-analysis/iads_weight_datagroup_S043N208B_3_20260714124933.zip
s3://merlin-pilot-iads-analysis/iads_weight_datagroup_S043N208B_4.zip
s3://merlin-pilot-iads-analysis/iads_weight_datagroup_S044N208B.zip
s3://merlin-pilot-iads-analysis/iads_weight_datagroup_S044N208B_2.zip
s3://merlin-pilot-iads-analysis/iads_weight_datagroup_S044N208B_3.zip
s3://merlin-pilot-iads-analysis/iads_weight_datagroup_S044N208B_4.zip
s3://merlin-pilot-iads-analysis/iads_weight_datagroup_S044N208B_LDG2.zip
s3://merlin-pilot-iads-analysis/iads_weight_datagroup_S045N208B.zip
s3://merlin-pilot-iads-analysis/iads_weight_datagroup_S046N208B.zip
s3://merlin-pilot-iads-analysis/iads_weight_datagroup_S046N208B_2.zip
s3://merlin-pilot-iads-analysis/iads_weight_datagroup_S046N208B_3.zip
s3://merlin-pilot-iads-analysis/iads_weight_datagroup_S047N208B.zip
s3://merlin-pilot-iads-analysis/iads_weight_datagroup_S047N208B_2.zip
s3://merlin-pilot-iads-analysis/iads_weight_datagroup_S047N208B_3.zip
s3://merlin-pilot-iads-analysis/iads_weight_datagroup_S048N208B.zip
s3://merlin-pilot-iads-analysis/iads_weight_datagroup_S048N208B_2.zip
s3://merlin-pilot-iads-analysis/iads_weight_datagroup_S048N208B_3.zip
s3://merlin-pilot-iads-analysis/iads_weight_datagroup_S048N208B_4.zip
s3://merlin-pilot-iads-analysis/iads_weight_datagroup_S049N208B.zip
s3://merlin-pilot-iads-analysis/iads_weight_datagroup_S050N208B.zip
s3://merlin-pilot-iads-analysis/iads_weight_datagroup_S050N208B_2.zip
s3://merlin-pilot-iads-analysis/iads_weight_datagroup_S050N208B_2_20260714124907.zip
s3://merlin-pilot-iads-analysis/iads_weight_datagroup_S050N208B_2_test_points_20260714124902.zip
s3://merlin-pilot-iads-analysis/iads_weight_datagroup_S050N208B_3.zip
s3://merlin-pilot-iads-analysis/iads_weight_datagroup_S050N208B_3_20260714124845.zip
s3://merlin-pilot-iads-analysis/iads_weight_datagroup_S050N208B_3_test_points_20260714124843.zip
s3://merlin-pilot-iads-analysis/iads_weight_datagroup_S051N208B_1.zip
s3://merlin-pilot-iads-analysis/iads_weight_datagroup_S052N208B.zip
s3://merlin-pilot-iads-analysis/iads_weight_datagroup_S052N208B_2.zip
s3://merlin-pilot-iads-analysis/iads_weight_datagroup_S052N208B_3.zip
s3://merlin-pilot-iads-analysis/iads_weight_datagroup_S053N208B_1.zip
s3://merlin-pilot-iads-analysis/iads_weight_datagroup_S053N208B_2.zip
s3://merlin-pilot-iads-analysis/iads_weight_datagroup_S054N208B_1.zip
s3://merlin-pilot-iads-analysis/iads_weight_datagroup_S054N208B_2.zip
s3://merlin-pilot-iads-analysis/iads_weight_datagroup_S055N208B_1.zip
s3://merlin-pilot-iads-analysis/iads_weight_datagroup_S055N208B_2.zip
s3://merlin-pilot-iads-analysis/iads_weight_datagroup_S056N208B_1.zip
s3://merlin-pilot-iads-analysis/iads_weight_datagroup_S056N208B_2.zip
s3://merlin-pilot-iads-analysis/iads_weight_datagroup_S057208B_5.zip
s3://merlin-pilot-iads-analysis/iads_weight_datagroup_S057N208B.zip
s3://merlin-pilot-iads-analysis/iads_weight_datagroup_S057N208B_2.zip
s3://merlin-pilot-iads-analysis/iads_weight_datagroup_S057N208B_3.zip
s3://merlin-pilot-iads-analysis/iads_weight_datagroup_S057N208B_4.zip
s3://merlin-pilot-iads-analysis/iads_weight_datagroup_S058N208B_1.zip
s3://merlin-pilot-iads-analysis/iads_weight_datagroup_S058N208B_2.zip
s3://merlin-pilot-iads-analysis/iads_weight_datagroup_S058N208B_3.zip
s3://merlin-pilot-iads-analysis/iads_weight_datagroup_S058N208B_4.zip
s3://merlin-pilot-iads-analysis/iads_weight_datagroup_S059N208B.zip
s3://merlin-pilot-iads-analysis/iads_weight_datagroup_S060N208B.zip
s3://merlin-pilot-iads-analysis/iads_weight_datagroup_S061N208B.zip
s3://merlin-pilot-iads-analysis/iads_weight_datagroup_S061N208B_1.zip
s3://merlin-pilot-iads-analysis/iads_weight_datagroup_S061N208B_2.zip
s3://merlin-pilot-iads-analysis/iads_weight_datagroup_S062N208B_1.zip
s3://merlin-pilot-iads-analysis/iads_weight_datagroup_S062N208B_2.zip
s3://merlin-pilot-iads-analysis/iads_weight_datagroup_S062N208B_3.zip
s3://merlin-pilot-iads-analysis/iads_weight_datagroup_S063N208B.zip
s3://merlin-pilot-iads-analysis/iads_weight_datagroup_S063N208B_2.zip
s3://merlin-pilot-iads-analysis/iads_weight_datagroup_S064N208B_1.zip
s3://merlin-pilot-iads-analysis/iads_weight_datagroup_S064N208B_2.zip
s3://merlin-pilot-iads-analysis/iads_weight_datagroup_S065N208B_1.zip
s3://merlin-pilot-iads-analysis/iads_weight_datagroup_S065N208B_2.zip
s3://merlin-pilot-iads-analysis/iads_weight_datagroup_S066N208B_1.zip
s3://merlin-pilot-iads-analysis/iads_weight_datagroup_S066N208B_2.zip
s3://merlin-pilot-iads-analysis/iads_weight_datagroup_S067N208B_1.zip
s3://merlin-pilot-iads-analysis/iads_weight_datagroup_S067N208B_2.zip
s3://merlin-pilot-iads-analysis/iads_weight_datagroup_S068N208B.zip
s3://merlin-pilot-iads-analysis/iads_weight_datagroup_S068N208B_2.zip
s3://merlin-pilot-iads-analysis/iads_weight_datagroup_S069N208B_1.zip
s3://merlin-pilot-iads-analysis/iads_weight_datagroup_S069N208B_2.zip
s3://merlin-pilot-iads-analysis/iads_weight_datagroup_S069N208B_3.zip
s3://merlin-pilot-iads-analysis/iads_weight_datagroup_S070N208B.zip
s3://merlin-pilot-iads-analysis/iads_weight_datagroup_S070N208B_2.zip
s3://merlin-pilot-iads-analysis/iads_weight_datagroup_S071N208B.zip
s3://merlin-pilot-iads-analysis/iads_weight_datagroup_S071N208B_2.zip
s3://merlin-pilot-iads-analysis/iads_weight_datagroup_S071N208B_3.zip
s3://merlin-pilot-iads-analysis/iads_weight_datagroup_S072N208B.zip
s3://merlin-pilot-iads-analysis/iads_weight_datagroup_S072N208B_2.zip
s3://merlin-pilot-iads-analysis/iads_weight_datagroup_S072N208B_3.zip
s3://merlin-pilot-iads-analysis/iads_weight_datagroup_S073N208B_2.zip
s3://merlin-pilot-iads-analysis/iads_weight_datagroup_S073N208B_3.zip
s3://merlin-pilot-iads-analysis/iads_weight_datagroup_S073N208B_4.zip
s3://merlin-pilot-iads-analysis/iads_weight_datagroup_S073N208B_5.zip
s3://merlin-pilot-iads-analysis/iads_weight_datagroup_S074N208B.zip
s3://merlin-pilot-iads-analysis/iads_weight_datagroup_S074N208B_2.zip
s3://merlin-pilot-iads-analysis/iads_weight_datagroup_S074N208B_3.zip
s3://merlin-pilot-iads-analysis/iads_weight_datagroup_S075N208B_1.zip
s3://merlin-pilot-iads-analysis/iads_weight_datagroup_S076N208B.zip
s3://merlin-pilot-iads-analysis/iads_weight_datagroup_S077N208B_1.zip
s3://merlin-pilot-iads-analysis/iads_weight_datagroup_S077N208B_2.zip
s3://merlin-pilot-iads-analysis/iads_weight_datagroup_S077N208B_3.zip
s3://merlin-pilot-iads-analysis/iads_weight_datagroup_S078N208B_2.zip
s3://merlin-pilot-iads-analysis/iads_weight_datagroup_S079N208B.zip
s3://merlin-pilot-iads-analysis/iads_weight_datagroup_S080N208B_1.zip
s3://merlin-pilot-iads-analysis/iads_weight_datagroup_S080N208B_2.zip
s3://merlin-pilot-iads-analysis/iads_weight_datagroup_S081N208B_1.zip
s3://merlin-pilot-iads-analysis/iads_weight_datagroup_S081N208B_2.zip
s3://merlin-pilot-iads-analysis/iads_weight_datagroup_S082N208B_1.zip
s3://merlin-pilot-iads-analysis/iads_weight_datagroup_S082N208B_2.zip
s3://merlin-pilot-iads-analysis/iads_weight_datagroup_S083N208B.zip
s3://merlin-pilot-iads-analysis/iads_weight_datagroup_S084N208B.zip
s3://merlin-pilot-iads-analysis/iads_weight_datagroup_S085N208B_1.zip
s3://merlin-pilot-iads-analysis/iads_weight_datagroup_S086N208B_1.zip
s3://merlin-pilot-iads-analysis/iads_weight_datagroup_S087N208B_1.zip
s3://merlin-pilot-iads-analysis/iads_weight_datagroup_S088N208B_1.zip
s3://merlin-pilot-iads-analysis/iads_weight_datagroup_S089N208B_1.zip
s3://merlin-pilot-iads-analysis/iads_weight_datagroup_S089N208B_2.zip
s3://merlin-pilot-iads-analysis/iads_weight_datagroup_S090N208B_1.zip
s3://merlin-pilot-iads-analysis/iads_weight_datagroup_S090N208B_2.zip
s3://merlin-pilot-iads-analysis/iads_weight_datagroup_S091N208B_1.zip
s3://merlin-pilot-iads-analysis/iads_weight_datagroup_S091N208B_2.zip
s3://merlin-pilot-iads-analysis/iads_weight_datagroup_S091N208B_3.zip
s3://merlin-pilot-iads-analysis/iads_weight_datagroup_S092N208B_1.zip
s3://merlin-pilot-iads-analysis/iads_weight_datagroup_S092N208B_2.zip
s3://merlin-pilot-iads-analysis/iads_weight_datagroup_S093N208B_1.zip
s3://merlin-pilot-iads-analysis/iads_weight_datagroup_S093N208B_2.zip
s3://merlin-pilot-iads-analysis/iads_weight_datagroup_S093N208B_3.zip
s3://merlin-pilot-iads-analysis/iads_weight_datagroup_S093N208B_4.zip
s3://merlin-pilot-iads-analysis/iads_weight_datagroup_S093N208B_5.zip
s3://merlin-pilot-iads-analysis/iads_weight_datagroup_S094N208B.zip
s3://merlin-pilot-iads-analysis/iads_weight_datagroup_S094N208B_2.zip
s3://merlin-pilot-iads-analysis/iads_weight_datagroup_S094N208B_3.zip
s3://merlin-pilot-iads-analysis/iads_weight_datagroup_S095N208B_1.zip
s3://merlin-pilot-iads-analysis/iads_weight_datagroup_S096N208B_1.zip
s3://merlin-pilot-iads-analysis/iads_weight_datagroup_S096N208B_2.zip
s3://merlin-pilot-iads-analysis/iads_weight_datagroup_S097N208B_1.zip
s3://merlin-pilot-iads-analysis/iads_weight_datagroup_S098N208B_1.zip
s3://merlin-pilot-iads-analysis/iads_weight_datagroup_S098N208B_2.zip
s3://merlin-pilot-iads-analysis/iads_weight_datagroup_S100N208B_1.zip
s3://merlin-pilot-iads-analysis/iads_weight_datagroup_S100N208B_2.zip
s3://merlin-pilot-iads-analysis/iads_weight_datagroup_S101N208B.zip
s3://merlin-pilot-iads-analysis/iads_weight_datagroup_S102N208B_1.zip
s3://merlin-pilot-iads-analysis/iads_weight_datagroup_S102N208B_2.zip
s3://merlin-pilot-iads-analysis/iads_weight_datagroup_S103N208B.zip
s3://merlin-pilot-iads-analysis/iads_weight_datagroup_S104N208BN.zip
s3://merlin-pilot-iads-analysis/iads_weight_datagroup_S105N208B_1.zip
s3://merlin-pilot-iads-analysis/iads_weight_datagroup_S106N208B_1.zip
s3://merlin-pilot-iads-analysis/iads_weight_datagroup_S107N208B.zip
s3://merlin-pilot-iads-analysis/iads_weight_datagroup_S107N208B_2.zip
s3://merlin-pilot-iads-analysis/iads_weight_datagroup_S107N208B_3.zip
s3://merlin-pilot-iads-analysis/iads_weight_datagroup_S108N208B_1.zip
s3://merlin-pilot-iads-analysis/iads_weight_datagroup_S108N208B_2.zip
s3://merlin-pilot-iads-analysis/iads_weight_datagroup_S109N208B_1.zip
s3://merlin-pilot-iads-analysis/iads_weight_datagroup_S109N208B_2.zip
s3://merlin-pilot-iads-analysis/iads_weight_datagroup_S110N208B.zip
s3://merlin-pilot-iads-analysis/iads_weight_datagroup_S110N208B_2.zip
s3://merlin-pilot-iads-analysis/iads_weight_datagroup_S110N208B_3.zip
s3://merlin-pilot-iads-analysis/iads_weight_datagroup_S111N208B.zip
s3://merlin-pilot-iads-analysis/iads_weight_datagroup_S112N208B.zip
s3://merlin-pilot-iads-analysis/iads_weight_datagroup_S112N208B_2.zip
s3://merlin-pilot-iads-analysis/iads_weight_datagroup_S113N208B.zip
s3://merlin-pilot-iads-analysis/iads_weight_datagroup_S113N208B_2.zip
s3://merlin-pilot-iads-analysis/iads_weight_datagroup_S114N208B_1.zip
s3://merlin-pilot-iads-analysis/iads_weight_datagroup_S115N208B_1.zip
s3://merlin-pilot-iads-analysis/iads_weight_datagroup_S115N208B_2.zip
s3://merlin-pilot-iads-analysis/iads_weight_datagroup_S115N208B_3.zip
s3://merlin-pilot-iads-analysis/iads_weight_datagroup_S116N208B.zip
s3://merlin-pilot-iads-analysis/iads_weight_datagroup_S116N208B_2.zip
s3://merlin-pilot-iads-analysis/iads_weight_datagroup_S117N208B.zip
s3://merlin-pilot-iads-analysis/iads_weight_datagroup_S117N208B_2.zip
s3://merlin-pilot-iads-analysis/iads_weight_datagroup_S118N208B_1.zip
s3://merlin-pilot-iads-analysis/iads_weight_datagroup_S118N208B_2.zip
s3://merlin-pilot-iads-analysis/iads_weight_datagroup_S118N208B_3.zip
s3://merlin-pilot-iads-analysis/iads_weight_datagroup_S119N208B_1.zip
s3://merlin-pilot-iads-analysis/iads_weight_datagroup_S119N208B_2.zip
s3://merlin-pilot-iads-analysis/iads_weight_datagroup_S120N208B_1.zip
s3://merlin-pilot-iads-analysis/iads_weight_datagroup_S120N208B_2.zip
s3://merlin-pilot-iads-analysis/iads_weight_datagroup_S121N208B.zip
s3://merlin-pilot-iads-analysis/iads_weight_datagroup_S121N208B_2.zip
s3://merlin-pilot-iads-analysis/iads_weight_datagroup_S121N208B_3.zip
s3://merlin-pilot-iads-analysis/iads_weight_datagroup_S121N208B_4.zip
s3://merlin-pilot-iads-analysis/iads_weight_datagroup_S122N208B_1.zip
s3://merlin-pilot-iads-analysis/iads_weight_datagroup_S122N208B_2.zip
s3://merlin-pilot-iads-analysis/iads_weight_datagroup_S122N208B_3.zip
s3://merlin-pilot-iads-analysis/iads_weight_datagroup_S123N208B_1.zip
s3://merlin-pilot-iads-analysis/iads_weight_datagroup_S123N208B_2.zip
s3://merlin-pilot-iads-analysis/iads_weight_datagroup_S124N208B_1.zip
s3://merlin-pilot-iads-analysis/iads_weight_datagroup_S125N208B.zip
s3://merlin-pilot-iads-analysis/iads_weight_datagroup_S125N208B_2.zip
s3://merlin-pilot-iads-analysis/iads_weight_datagroup_S125N208B_3.zip
s3://merlin-pilot-iads-analysis/iads_weight_datagroup_S125N208B_4.zip
s3://merlin-pilot-iads-analysis/iads_weight_datagroup_S126N208B_1.zip
s3://merlin-pilot-iads-analysis/iads_weight_datagroup_S127N208B_1.zip
s3://merlin-pilot-iads-analysis/iads_weight_datagroup_S128N208B_1.zip
s3://merlin-pilot-iads-analysis/iads_weight_datagroup_S128N208B_2.zip
s3://merlin-pilot-iads-analysis/iads_weight_datagroup_S129N208B_1.zip
s3://merlin-pilot-iads-analysis/iads_weight_datagroup_S130N208B_1.zip
s3://merlin-pilot-iads-analysis/iads_weight_datagroup_S130N208B_2.zip
s3://merlin-pilot-iads-analysis/iads_weight_datagroup_S130N208B_3.zip
s3://merlin-pilot-iads-analysis/iads_weight_datagroup_S130N208B_4.zip
s3://merlin-pilot-iads-analysis/iads_weight_datagroup_S130N208B_5.zip
s3://merlin-pilot-iads-analysis/iads_weight_datagroup_S130N208B_6.zip
s3://merlin-pilot-iads-analysis/iads_weight_datagroup_S131N208B_0.zip
s3://merlin-pilot-iads-analysis/iads_weight_datagroup_S131N208B_1.zip
s3://merlin-pilot-iads-analysis/iads_weight_datagroup_S133N208B_1.zip
s3://merlin-pilot-iads-analysis/iads_weight_datagroup_S134N208B_1.zip
s3://merlin-pilot-iads-analysis/iads_weight_datagroup_S134N208B_2.zip
s3://merlin-pilot-iads-analysis/iads_weight_datagroup_S134N208B_3.zip
s3://merlin-pilot-iads-analysis/iads_weight_datagroup_S135N208B_1.zip
s3://merlin-pilot-iads-analysis/iads_weight_datagroup_S135N208B_2.zip
s3://merlin-pilot-iads-analysis/iads_weight_datagroup_S137N208B_1_20260714125956.zip
s3://merlin-pilot-iads-analysis/iads_weight_datagroup_S137N208B_1_test_points_20260714125950.zip
s3://merlin-pilot-iads-analysis/iads_weight_datagroup_S137N208B_2_20260714125949.zip
s3://merlin-pilot-iads-analysis/iads_weight_datagroup_S137N208B_2_test_points_20260714125944.zip
s3://merlin-pilot-iads-analysis/iads_weight_datagroup_S999N208B.zip

Files matching criteria: 298  (primary=298, torque-by-sortie=0, torque total in list=0)

Completed 256.0 KiB/1.2 MiB (220.2 KiB/s) with 1 file(s) remainingCompleted 512.0 KiB/1.2 MiB (433.0 KiB/s) with 1 file(s) remainingCompleted 768.0 KiB/1.2 MiB (646.3 KiB/s) with 1 file(s) remainingCompleted 1.0 MiB/1.2 MiB (844.5 KiB/s) with 1 file(s) remaining  Completed 1.2 MiB/1.2 MiB (1.0 MiB/s) with 1 file(s) remaining    download: s3://merlin-pilot-iads-analysis/iads_weight_datagroup_G003N208B.zip to .\iads_weight_datagroup_G003N208B.zip
Completed 256.0 KiB/380.1 KiB (88.0 KiB/s) with 1 file(s) remainingCompleted 380.1 KiB/380.1 KiB (130.5 KiB/s) with 1 file(s) remainingdownload: s3://merlin-pilot-iads-analysis/iads_weight_datagroup_G006N208B.zip to .\iads_weight_datagroup_G006N208B.zip
Completed 147.6 KiB/147.6 KiB (125.2 KiB/s) with 1 file(s) remainingdownload: s3://merlin-pilot-iads-analysis/iads_weight_datagroup_G007N208B.zip to .\iads_weight_datagroup_G007N208B.zip
Completed 256.0 KiB/281.1 KiB (314.9 KiB/s) with 1 file(s) remainingCompleted 281.1 KiB/281.1 KiB (344.8 KiB/s) with 1 file(s) remainingdownload: s3://merlin-pilot-iads-analysis/iads_weight_datagroup_G010N208B.zip to .\iads_weight_datagroup_G010N208B.zip
Completed 256.0 KiB/1.6 MiB (252.2 KiB/s) with 1 file(s) remainingCompleted 512.0 KiB/1.6 MiB (491.0 KiB/s) with 1 file(s) remainingCompleted 768.0 KiB/1.6 MiB (732.8 KiB/s) with 1 file(s) remainingCompleted 1.0 MiB/1.6 MiB (957.0 KiB/s) with 1 file(s) remaining  Completed 1.2 MiB/1.6 MiB (1.2 MiB/s) with 1 file(s) remaining    Completed 1.5 MiB/1.6 MiB (1.4 MiB/s) with 1 file(s) remaining    Completed 1.6 MiB/1.6 MiB (1.5 MiB/s) with 1 file(s) remaining    download: s3://merlin-pilot-iads-analysis/iads_weight_datagroup_G014N208B_1.zip to .\iads_weight_datagroup_G014N208B_1.zip

